{
  "workflowRunCount" : 7,
  "studies" : [ "TGL17" ],
  "sequencerRuns" : [ "180413_NB551051_0058_AHLK2LBGX5", "180416_NB551051_0059_AHLJF2BGX5" ],
  "lanes" : [ "180413_NB551051_0058_AHLK2LBGX5_lane_1", "180416_NB551051_0059_AHLJF2BGX5_lane_1" ],
  "samples" : [ "TGL17_0001_Co_P_PE_283_WT", "TGL17_0001_Lv_M_PE_300_WT", "TGL17_0001_Lv_M_PE_321_WT", "TGL17_0002_Lv_M_PE_313_WT", "TGL17_0003_Co_P_PE_282_WT", "TGL17_0004_Lv_M_PE_310_WT", "TGL17_0004_Lv_M_PE_325_WT" ],
  "workflows" : [ "CASAVA" ],
  "processingAlgorithms" : [ "ProvisionFiles" ],
  "fileMetaTypes" : [ "chemical/seq-na-fastq-gzip" ],
  "maxInputFiles" : 2,
  "minInputFiles" : 2,
  "totalInputFiles" : 14,
  "workflowRuns" : [ {
    "workflowIni" : {
      "input_file_1" : "/.mounts/labs/TGL/production2/seqware-results/CASAVA_2.9.1/73283513/SWID_11819302_TGL17_0001_Co_P_PE_283_WT_180413_180416_NB551051_0059_AHLJF2BGX5_GATCAG_L001_R1_001.fastq.gz",
      "input_file_2" : "/.mounts/labs/TGL/production2/seqware-results/CASAVA_2.9.1/73283513/SWID_11819302_TGL17_0001_Co_P_PE_283_WT_180413_180416_NB551051_0059_AHLJF2BGX5_GATCAG_L001_R2_001.fastq.gz",
      "java_home" : "/.mounts/labs/PDE/Modules/sw/jvm/jdk1.8.0_91",
      "manual_output" : "false",
      "metadata" : "metadata",
      "mixcr" : "/.mounts/labs/PDE/Modules/sw/MiXCR/mixcr-2.1.10/mixcr",
      "mixcr_mem" : "24",
      "output_dir" : "seqware-results",
      "tmp_dir" : "tmp"
    },
    "files" : [ {
      "studyTitle" : [ "TGL17" ],
      "studyAttributes" : { },
      "experimentName" : [ ],
      "experimentAttributes" : { },
      "sampleName" : [ "TGL17_0001_Co_P_PE_283_WT" ],
      "sampleAttributes" : {
        "geo_external_name" : [ [ "CMP-01-02" ] ],
        "geo_group_id" : [ [ "180413" ] ],
        "geo_library_source_template_type" : [ [ "WT" ] ],
        "geo_organism" : [ [ "Homo sapiens" ] ],
        "geo_prep_kit" : [ [ "TruSeq_Stranded_TotalRNA" ] ],
        "geo_purpose" : [ [ "Library" ] ],
        "geo_receive_date" : [ [ "2018-04-05" ] ],
        "geo_run_id_and_position" : [ [ "3082_1" ] ],
        "geo_str_result" : [ [ "Not Submitted" ] ],
        "geo_template_type" : [ [ "Illumina PE Library" ] ],
        "geo_tissue_origin" : [ [ "Co" ] ],
        "geo_tissue_preparation" : [ [ "FFPE" ] ],
        "geo_tissue_type" : [ [ "P" ] ]
      },
      "sequencerRunName" : [ "180416_NB551051_0059_AHLJF2BGX5" ],
      "sequencerRunAttributes" : {
        "instrument_name" : [ [ "NB551051" ] ]
      },
      "laneName" : [ "180416_NB551051_0059_AHLJF2BGX5_lane_1" ],
      "laneAttributes" : { },
      "iusTag" : [ "GATCAG" ],
      "iusAttributes" : { },
      "workflowName" : [ "CASAVA" ],
      "processingAlgorithm" : [ "ProvisionFiles" ],
      "processingAttributes" : { },
      "fileMetaType" : [ "chemical/seq-na-fastq-gzip" ],
      "fileAttributes" : { },
      "fileId" : -1777810326
    }, {
      "studyTitle" : [ "TGL17" ],
      "studyAttributes" : { },
      "experimentName" : [ ],
      "experimentAttributes" : { },
      "sampleName" : [ "TGL17_0001_Co_P_PE_283_WT" ],
      "sampleAttributes" : {
        "geo_external_name" : [ [ "CMP-01-02" ] ],
        "geo_group_id" : [ [ "180413" ] ],
        "geo_library_source_template_type" : [ [ "WT" ] ],
        "geo_organism" : [ [ "Homo sapiens" ] ],
        "geo_prep_kit" : [ [ "TruSeq_Stranded_TotalRNA" ] ],
        "geo_purpose" : [ [ "Library" ] ],
        "geo_receive_date" : [ [ "2018-04-05" ] ],
        "geo_run_id_and_position" : [ [ "3082_1" ] ],
        "geo_str_result" : [ [ "Not Submitted" ] ],
        "geo_template_type" : [ [ "Illumina PE Library" ] ],
        "geo_tissue_origin" : [ [ "Co" ] ],
        "geo_tissue_preparation" : [ [ "FFPE" ] ],
        "geo_tissue_type" : [ [ "P" ] ]
      },
      "sequencerRunName" : [ "180416_NB551051_0059_AHLJF2BGX5" ],
      "sequencerRunAttributes" : {
        "instrument_name" : [ [ "NB551051" ] ]
      },
      "laneName" : [ "180416_NB551051_0059_AHLJF2BGX5_lane_1" ],
      "laneAttributes" : { },
      "iusTag" : [ "GATCAG" ],
      "iusAttributes" : { },
      "workflowName" : [ "CASAVA" ],
      "processingAlgorithm" : [ "ProvisionFiles" ],
      "processingAttributes" : { },
      "fileMetaType" : [ "chemical/seq-na-fastq-gzip" ],
      "fileAttributes" : { },
      "fileId" : 2011598345
    } ]
  }, {
    "workflowIni" : {
      "input_file_1" : "/.mounts/labs/TGL/production2/seqware-results/CASAVA_2.9.1/73283513/SWID_11819304_TGL17_0001_Lv_M_PE_300_WT_180413_180416_NB551051_0059_AHLJF2BGX5_CGTACG_L001_R1_001.fastq.gz",
      "input_file_2" : "/.mounts/labs/TGL/production2/seqware-results/CASAVA_2.9.1/73283513/SWID_11819304_TGL17_0001_Lv_M_PE_300_WT_180413_180416_NB551051_0059_AHLJF2BGX5_CGTACG_L001_R2_001.fastq.gz",
      "java_home" : "/.mounts/labs/PDE/Modules/sw/jvm/jdk1.8.0_91",
      "manual_output" : "false",
      "metadata" : "metadata",
      "mixcr" : "/.mounts/labs/PDE/Modules/sw/MiXCR/mixcr-2.1.10/mixcr",
      "mixcr_mem" : "24",
      "output_dir" : "seqware-results",
      "tmp_dir" : "tmp"
    },
    "files" : [ {
      "studyTitle" : [ "TGL17" ],
      "studyAttributes" : { },
      "experimentName" : [ ],
      "experimentAttributes" : { },
      "sampleName" : [ "TGL17_0001_Lv_M_PE_300_WT" ],
      "sampleAttributes" : {
        "geo_external_name" : [ [ "CMP-01-02" ] ],
        "geo_group_id" : [ [ "180413" ] ],
        "geo_library_source_template_type" : [ [ "WT" ] ],
        "geo_organism" : [ [ "Homo sapiens" ] ],
        "geo_prep_kit" : [ [ "TruSeq_Stranded_TotalRNA" ] ],
        "geo_purpose" : [ [ "Library" ] ],
        "geo_receive_date" : [ [ "2018-03-23" ] ],
        "geo_run_id_and_position" : [ [ "3082_1" ] ],
        "geo_str_result" : [ [ "Not Submitted" ] ],
        "geo_template_type" : [ [ "Illumina PE Library" ] ],
        "geo_tissue_origin" : [ [ "Lv" ] ],
        "geo_tissue_preparation" : [ [ "Fresh Frozen" ] ],
        "geo_tissue_type" : [ [ "M" ] ]
      },
      "sequencerRunName" : [ "180416_NB551051_0059_AHLJF2BGX5" ],
      "sequencerRunAttributes" : {
        "instrument_name" : [ [ "NB551051" ] ]
      },
      "laneName" : [ "180416_NB551051_0059_AHLJF2BGX5_lane_1" ],
      "laneAttributes" : { },
      "iusTag" : [ "CGTACG" ],
      "iusAttributes" : { },
      "workflowName" : [ "CASAVA" ],
      "processingAlgorithm" : [ "ProvisionFiles" ],
      "processingAttributes" : { },
      "fileMetaType" : [ "chemical/seq-na-fastq-gzip" ],
      "fileAttributes" : { },
      "fileId" : -1378357075
    }, {
      "studyTitle" : [ "TGL17" ],
      "studyAttributes" : { },
      "experimentName" : [ ],
      "experimentAttributes" : { },
      "sampleName" : [ "TGL17_0001_Lv_M_PE_300_WT" ],
      "sampleAttributes" : {
        "geo_external_name" : [ [ "CMP-01-02" ] ],
        "geo_group_id" : [ [ "180413" ] ],
        "geo_library_source_template_type" : [ [ "WT" ] ],
        "geo_organism" : [ [ "Homo sapiens" ] ],
        "geo_prep_kit" : [ [ "TruSeq_Stranded_TotalRNA" ] ],
        "geo_purpose" : [ [ "Library" ] ],
        "geo_receive_date" : [ [ "2018-03-23" ] ],
        "geo_run_id_and_position" : [ [ "3082_1" ] ],
        "geo_str_result" : [ [ "Not Submitted" ] ],
        "geo_template_type" : [ [ "Illumina PE Library" ] ],
        "geo_tissue_origin" : [ [ "Lv" ] ],
        "geo_tissue_preparation" : [ [ "Fresh Frozen" ] ],
        "geo_tissue_type" : [ [ "M" ] ]
      },
      "sequencerRunName" : [ "180416_NB551051_0059_AHLJF2BGX5" ],
      "sequencerRunAttributes" : {
        "instrument_name" : [ [ "NB551051" ] ]
      },
      "laneName" : [ "180416_NB551051_0059_AHLJF2BGX5_lane_1" ],
      "laneAttributes" : { },
      "iusTag" : [ "CGTACG" ],
      "iusAttributes" : { },
      "workflowName" : [ "CASAVA" ],
      "processingAlgorithm" : [ "ProvisionFiles" ],
      "processingAttributes" : { },
      "fileMetaType" : [ "chemical/seq-na-fastq-gzip" ],
      "fileAttributes" : { },
      "fileId" : -1883915700
    } ]
  }, {
    "workflowIni" : {
      "input_file_1" : "/.mounts/labs/TGL/production2/seqware-results/CASAVA_2.9.1/76527020/SWID_11817457_TGL17_0001_Lv_M_PE_321_WT_180413_180413_NB551051_0058_AHLK2LBGX5_ATTCCT_L001_R1_001.fastq.gz",
      "input_file_2" : "/.mounts/labs/TGL/production2/seqware-results/CASAVA_2.9.1/76527020/SWID_11817457_TGL17_0001_Lv_M_PE_321_WT_180413_180413_NB551051_0058_AHLK2LBGX5_ATTCCT_L001_R2_001.fastq.gz",
      "java_home" : "/.mounts/labs/PDE/Modules/sw/jvm/jdk1.8.0_91",
      "manual_output" : "false",
      "metadata" : "metadata",
      "mixcr" : "/.mounts/labs/PDE/Modules/sw/MiXCR/mixcr-2.1.10/mixcr",
      "mixcr_mem" : "24",
      "output_dir" : "seqware-results",
      "tmp_dir" : "tmp"
    },
    "files" : [ {
      "studyTitle" : [ "TGL17" ],
      "studyAttributes" : { },
      "experimentName" : [ ],
      "experimentAttributes" : { },
      "sampleName" : [ "TGL17_0001_Lv_M_PE_321_WT" ],
      "sampleAttributes" : {
        "geo_external_name" : [ [ "CMP-01-02" ] ],
        "geo_group_id" : [ [ "180413" ] ],
        "geo_library_source_template_type" : [ [ "WT" ] ],
        "geo_organism" : [ [ "Homo sapiens" ] ],
        "geo_prep_kit" : [ [ "TruSeq_Stranded_TotalRNA" ] ],
        "geo_purpose" : [ [ "Library" ] ],
        "geo_receive_date" : [ [ "2018-03-23" ] ],
        "geo_run_id_and_position" : [ [ "3080_1" ] ],
        "geo_str_result" : [ [ "Not Submitted" ] ],
        "geo_template_type" : [ [ "Illumina PE Library" ] ],
        "geo_tissue_origin" : [ [ "Lv" ] ],
        "geo_tissue_preparation" : [ [ "Fresh Frozen" ] ],
        "geo_tissue_type" : [ [ "M" ] ]
      },
      "sequencerRunName" : [ "180413_NB551051_0058_AHLK2LBGX5" ],
      "sequencerRunAttributes" : {
        "instrument_name" : [ [ "NB551051" ] ]
      },
      "laneName" : [ "180413_NB551051_0058_AHLK2LBGX5_lane_1" ],
      "laneAttributes" : { },
      "iusTag" : [ "ATTCCT" ],
      "iusAttributes" : { },
      "workflowName" : [ "CASAVA" ],
      "processingAlgorithm" : [ "ProvisionFiles" ],
      "processingAttributes" : { },
      "fileMetaType" : [ "chemical/seq-na-fastq-gzip" ],
      "fileAttributes" : { },
      "fileId" : -369093806
    }, {
      "studyTitle" : [ "TGL17" ],
      "studyAttributes" : { },
      "experimentName" : [ ],
      "experimentAttributes" : { },
      "sampleName" : [ "TGL17_0001_Lv_M_PE_321_WT" ],
      "sampleAttributes" : {
        "geo_external_name" : [ [ "CMP-01-02" ] ],
        "geo_group_id" : [ [ "180413" ] ],
        "geo_library_source_template_type" : [ [ "WT" ] ],
        "geo_organism" : [ [ "Homo sapiens" ] ],
        "geo_prep_kit" : [ [ "TruSeq_Stranded_TotalRNA" ] ],
        "geo_purpose" : [ [ "Library" ] ],
        "geo_receive_date" : [ [ "2018-03-23" ] ],
        "geo_run_id_and_position" : [ [ "3080_1" ] ],
        "geo_str_result" : [ [ "Not Submitted" ] ],
        "geo_template_type" : [ [ "Illumina PE Library" ] ],
        "geo_tissue_origin" : [ [ "Lv" ] ],
        "geo_tissue_preparation" : [ [ "Fresh Frozen" ] ],
        "geo_tissue_type" : [ [ "M" ] ]
      },
      "sequencerRunName" : [ "180413_NB551051_0058_AHLK2LBGX5" ],
      "sequencerRunAttributes" : {
        "instrument_name" : [ [ "NB551051" ] ]
      },
      "laneName" : [ "180413_NB551051_0058_AHLK2LBGX5_lane_1" ],
      "laneAttributes" : { },
      "iusTag" : [ "ATTCCT" ],
      "iusAttributes" : { },
      "workflowName" : [ "CASAVA" ],
      "processingAlgorithm" : [ "ProvisionFiles" ],
      "processingAttributes" : { },
      "fileMetaType" : [ "chemical/seq-na-fastq-gzip" ],
      "fileAttributes" : { },
      "fileId" : 136464819
    } ]
  }, {
    "workflowIni" : {
      "input_file_1" : "/.mounts/labs/TGL/production2/seqware-results/CASAVA_2.9.1/76527020/SWID_11817459_TGL17_0002_Lv_M_PE_313_WT_180413_180413_NB551051_0058_AHLK2LBGX5_CGATGT_L001_R1_001.fastq.gz",
      "input_file_2" : "/.mounts/labs/TGL/production2/seqware-results/CASAVA_2.9.1/76527020/SWID_11817459_TGL17_0002_Lv_M_PE_313_WT_180413_180413_NB551051_0058_AHLK2LBGX5_CGATGT_L001_R2_001.fastq.gz",
      "java_home" : "/.mounts/labs/PDE/Modules/sw/jvm/jdk1.8.0_91",
      "manual_output" : "false",
      "metadata" : "metadata",
      "mixcr" : "/.mounts/labs/PDE/Modules/sw/MiXCR/mixcr-2.1.10/mixcr",
      "mixcr_mem" : "24",
      "output_dir" : "seqware-results",
      "tmp_dir" : "tmp"
    },
    "files" : [ {
      "studyTitle" : [ "TGL17" ],
      "studyAttributes" : { },
      "experimentName" : [ ],
      "experimentAttributes" : { },
      "sampleName" : [ "TGL17_0002_Lv_M_PE_313_WT" ],
      "sampleAttributes" : {
        "geo_external_name" : [ [ "CMP-01-03" ] ],
        "geo_group_id" : [ [ "180413" ] ],
        "geo_library_source_template_type" : [ [ "WT" ] ],
        "geo_organism" : [ [ "Homo sapiens" ] ],
        "geo_prep_kit" : [ [ "TruSeq_Stranded_TotalRNA" ] ],
        "geo_purpose" : [ [ "Library" ] ],
        "geo_receive_date" : [ [ "2018-03-23" ] ],
        "geo_run_id_and_position" : [ [ "3080_1" ] ],
        "geo_str_result" : [ [ "Not Submitted" ] ],
        "geo_template_type" : [ [ "Illumina PE Library" ] ],
        "geo_tissue_origin" : [ [ "Lv" ] ],
        "geo_tissue_preparation" : [ [ "Fresh Frozen" ] ],
        "geo_tissue_type" : [ [ "M" ] ]
      },
      "sequencerRunName" : [ "180413_NB551051_0058_AHLK2LBGX5" ],
      "sequencerRunAttributes" : {
        "instrument_name" : [ [ "NB551051" ] ]
      },
      "laneName" : [ "180413_NB551051_0058_AHLK2LBGX5_lane_1" ],
      "laneAttributes" : { },
      "iusTag" : [ "CGATGT" ],
      "iusAttributes" : { },
      "workflowName" : [ "CASAVA" ],
      "processingAlgorithm" : [ "ProvisionFiles" ],
      "processingAttributes" : { },
      "fileMetaType" : [ "chemical/seq-na-fastq-gzip" ],
      "fileAttributes" : { },
      "fileId" : -454223453
    }, {
      "studyTitle" : [ "TGL17" ],
      "studyAttributes" : { },
      "experimentName" : [ ],
      "experimentAttributes" : { },
      "sampleName" : [ "TGL17_0002_Lv_M_PE_313_WT" ],
      "sampleAttributes" : {
        "geo_external_name" : [ [ "CMP-01-03" ] ],
        "geo_group_id" : [ [ "180413" ] ],
        "geo_library_source_template_type" : [ [ "WT" ] ],
        "geo_organism" : [ [ "Homo sapiens" ] ],
        "geo_prep_kit" : [ [ "TruSeq_Stranded_TotalRNA" ] ],
        "geo_purpose" : [ [ "Library" ] ],
        "geo_receive_date" : [ [ "2018-03-23" ] ],
        "geo_run_id_and_position" : [ [ "3080_1" ] ],
        "geo_str_result" : [ [ "Not Submitted" ] ],
        "geo_template_type" : [ [ "Illumina PE Library" ] ],
        "geo_tissue_origin" : [ [ "Lv" ] ],
        "geo_tissue_preparation" : [ [ "Fresh Frozen" ] ],
        "geo_tissue_type" : [ [ "M" ] ]
      },
      "sequencerRunName" : [ "180413_NB551051_0058_AHLK2LBGX5" ],
      "sequencerRunAttributes" : {
        "instrument_name" : [ [ "NB551051" ] ]
      },
      "laneName" : [ "180413_NB551051_0058_AHLK2LBGX5_lane_1" ],
      "laneAttributes" : { },
      "iusTag" : [ "CGATGT" ],
      "iusAttributes" : { },
      "workflowName" : [ "CASAVA" ],
      "processingAlgorithm" : [ "ProvisionFiles" ],
      "processingAttributes" : { },
      "fileMetaType" : [ "chemical/seq-na-fastq-gzip" ],
      "fileAttributes" : { },
      "fileId" : 51335172
    } ]
  }, {
    "workflowIni" : {
      "input_file_1" : "/.mounts/labs/TGL/production2/seqware-results/CASAVA_2.9.1/76527020/SWID_11817461_TGL17_0003_Co_P_PE_282_WT_180413_180413_NB551051_0058_AHLK2LBGX5_TGACCA_L001_R1_001.fastq.gz",
      "input_file_2" : "/.mounts/labs/TGL/production2/seqware-results/CASAVA_2.9.1/76527020/SWID_11817461_TGL17_0003_Co_P_PE_282_WT_180413_180413_NB551051_0058_AHLK2LBGX5_TGACCA_L001_R2_001.fastq.gz",
      "java_home" : "/.mounts/labs/PDE/Modules/sw/jvm/jdk1.8.0_91",
      "manual_output" : "false",
      "metadata" : "metadata",
      "mixcr" : "/.mounts/labs/PDE/Modules/sw/MiXCR/mixcr-2.1.10/mixcr",
      "mixcr_mem" : "24",
      "output_dir" : "seqware-results",
      "tmp_dir" : "tmp"
    },
    "files" : [ {
      "studyTitle" : [ "TGL17" ],
      "studyAttributes" : { },
      "experimentName" : [ ],
      "experimentAttributes" : { },
      "sampleName" : [ "TGL17_0003_Co_P_PE_282_WT" ],
      "sampleAttributes" : {
        "geo_external_name" : [ [ "CMP-01-04" ] ],
        "geo_group_id" : [ [ "180413" ] ],
        "geo_library_source_template_type" : [ [ "WT" ] ],
        "geo_organism" : [ [ "Homo sapiens" ] ],
        "geo_prep_kit" : [ [ "TruSeq_Stranded_TotalRNA" ] ],
        "geo_purpose" : [ [ "Library" ] ],
        "geo_receive_date" : [ [ "2018-04-04" ] ],
        "geo_run_id_and_position" : [ [ "3080_1" ] ],
        "geo_str_result" : [ [ "Not Submitted" ] ],
        "geo_template_type" : [ [ "Illumina PE Library" ] ],
        "geo_tissue_origin" : [ [ "Co" ] ],
        "geo_tissue_preparation" : [ [ "FFPE" ] ],
        "geo_tissue_type" : [ [ "P" ] ]
      },
      "sequencerRunName" : [ "180413_NB551051_0058_AHLK2LBGX5" ],
      "sequencerRunAttributes" : {
        "instrument_name" : [ [ "NB551051" ] ]
      },
      "laneName" : [ "180413_NB551051_0058_AHLK2LBGX5_lane_1" ],
      "laneAttributes" : { },
      "iusTag" : [ "TGACCA" ],
      "iusAttributes" : { },
      "workflowName" : [ "CASAVA" ],
      "processingAlgorithm" : [ "ProvisionFiles" ],
      "processingAttributes" : { },
      "fileMetaType" : [ "chemical/seq-na-fastq-gzip" ],
      "fileAttributes" : { },
      "fileId" : 1596814704
    }, {
      "studyTitle" : [ "TGL17" ],
      "studyAttributes" : { },
      "experimentName" : [ ],
      "experimentAttributes" : { },
      "sampleName" : [ "TGL17_0003_Co_P_PE_282_WT" ],
      "sampleAttributes" : {
        "geo_external_name" : [ [ "CMP-01-04" ] ],
        "geo_group_id" : [ [ "180413" ] ],
        "geo_library_source_template_type" : [ [ "WT" ] ],
        "geo_organism" : [ [ "Homo sapiens" ] ],
        "geo_prep_kit" : [ [ "TruSeq_Stranded_TotalRNA" ] ],
        "geo_purpose" : [ [ "Library" ] ],
        "geo_receive_date" : [ [ "2018-04-04" ] ],
        "geo_run_id_and_position" : [ [ "3080_1" ] ],
        "geo_str_result" : [ [ "Not Submitted" ] ],
        "geo_template_type" : [ [ "Illumina PE Library" ] ],
        "geo_tissue_origin" : [ [ "Co" ] ],
        "geo_tissue_preparation" : [ [ "FFPE" ] ],
        "geo_tissue_type" : [ [ "P" ] ]
      },
      "sequencerRunName" : [ "180413_NB551051_0058_AHLK2LBGX5" ],
      "sequencerRunAttributes" : {
        "instrument_name" : [ [ "NB551051" ] ]
      },
      "laneName" : [ "180413_NB551051_0058_AHLK2LBGX5_lane_1" ],
      "laneAttributes" : { },
      "iusTag" : [ "TGACCA" ],
      "iusAttributes" : { },
      "workflowName" : [ "CASAVA" ],
      "processingAlgorithm" : [ "ProvisionFiles" ],
      "processingAttributes" : { },
      "fileMetaType" : [ "chemical/seq-na-fastq-gzip" ],
      "fileAttributes" : { },
      "fileId" : 2102373329
    } ]
  }, {
    "workflowIni" : {
      "input_file_1" : "/.mounts/labs/TGL/production2/seqware-results/CASAVA_2.9.1/76527020/SWID_11817465_TGL17_0004_Lv_M_PE_310_WT_180413_180413_NB551051_0058_AHLK2LBGX5_CCGTCC_L001_R1_001.fastq.gz",
      "input_file_2" : "/.mounts/labs/TGL/production2/seqware-results/CASAVA_2.9.1/76527020/SWID_11817465_TGL17_0004_Lv_M_PE_310_WT_180413_180413_NB551051_0058_AHLK2LBGX5_CCGTCC_L001_R2_001.fastq.gz",
      "java_home" : "/.mounts/labs/PDE/Modules/sw/jvm/jdk1.8.0_91",
      "manual_output" : "false",
      "metadata" : "metadata",
      "mixcr" : "/.mounts/labs/PDE/Modules/sw/MiXCR/mixcr-2.1.10/mixcr",
      "mixcr_mem" : "24",
      "output_dir" : "seqware-results",
      "tmp_dir" : "tmp"
    },
    "files" : [ {
      "studyTitle" : [ "TGL17" ],
      "studyAttributes" : { },
      "experimentName" : [ ],
      "experimentAttributes" : { },
      "sampleName" : [ "TGL17_0004_Lv_M_PE_310_WT" ],
      "sampleAttributes" : {
        "geo_external_name" : [ [ "CMP-01-05" ] ],
        "geo_group_id" : [ [ "180413" ] ],
        "geo_library_source_template_type" : [ [ "WT" ] ],
        "geo_organism" : [ [ "Homo sapiens" ] ],
        "geo_prep_kit" : [ [ "TruSeq_Stranded_TotalRNA" ] ],
        "geo_purpose" : [ [ "Library" ] ],
        "geo_receive_date" : [ [ "2018-03-23" ] ],
        "geo_run_id_and_position" : [ [ "3080_1" ] ],
        "geo_str_result" : [ [ "Not Submitted" ] ],
        "geo_template_type" : [ [ "Illumina PE Library" ] ],
        "geo_tissue_origin" : [ [ "Lv" ] ],
        "geo_tissue_preparation" : [ [ "Fresh Frozen" ] ],
        "geo_tissue_type" : [ [ "M" ] ]
      },
      "sequencerRunName" : [ "180413_NB551051_0058_AHLK2LBGX5" ],
      "sequencerRunAttributes" : {
        "instrument_name" : [ [ "NB551051" ] ]
      },
      "laneName" : [ "180413_NB551051_0058_AHLK2LBGX5_lane_1" ],
      "laneAttributes" : { },
      "iusTag" : [ "CCGTCC" ],
      "iusAttributes" : { },
      "workflowName" : [ "CASAVA" ],
      "processingAlgorithm" : [ "ProvisionFiles" ],
      "processingAttributes" : { },
      "fileMetaType" : [ "chemical/seq-na-fastq-gzip" ],
      "fileAttributes" : { },
      "fileId" : -1948380289
    }, {
      "studyTitle" : [ "TGL17" ],
      "studyAttributes" : { },
      "experimentName" : [ ],
      "experimentAttributes" : { },
      "sampleName" : [ "TGL17_0004_Lv_M_PE_310_WT" ],
      "sampleAttributes" : {
        "geo_external_name" : [ [ "CMP-01-05" ] ],
        "geo_group_id" : [ [ "180413" ] ],
        "geo_library_source_template_type" : [ [ "WT" ] ],
        "geo_organism" : [ [ "Homo sapiens" ] ],
        "geo_prep_kit" : [ [ "TruSeq_Stranded_TotalRNA" ] ],
        "geo_purpose" : [ [ "Library" ] ],
        "geo_receive_date" : [ [ "2018-03-23" ] ],
        "geo_run_id_and_position" : [ [ "3080_1" ] ],
        "geo_str_result" : [ [ "Not Submitted" ] ],
        "geo_template_type" : [ [ "Illumina PE Library" ] ],
        "geo_tissue_origin" : [ [ "Lv" ] ],
        "geo_tissue_preparation" : [ [ "Fresh Frozen" ] ],
        "geo_tissue_type" : [ [ "M" ] ]
      },
      "sequencerRunName" : [ "180413_NB551051_0058_AHLK2LBGX5" ],
      "sequencerRunAttributes" : {
        "instrument_name" : [ [ "NB551051" ] ]
      },
      "laneName" : [ "180413_NB551051_0058_AHLK2LBGX5_lane_1" ],
      "laneAttributes" : { },
      "iusTag" : [ "CCGTCC" ],
      "iusAttributes" : { },
      "workflowName" : [ "CASAVA" ],
      "processingAlgorithm" : [ "ProvisionFiles" ],
      "processingAttributes" : { },
      "fileMetaType" : [ "chemical/seq-na-fastq-gzip" ],
      "fileAttributes" : { },
      "fileId" : 1841028382
    } ]
  }, {
    "workflowIni" : {
      "input_file_1" : "/.mounts/labs/TGL/production2/seqware-results/CASAVA_2.9.1/76527020/SWID_11817463_TGL17_0004_Lv_M_PE_325_WT_180413_180413_NB551051_0058_AHLK2LBGX5_CAGATC_L001_R1_001.fastq.gz",
      "input_file_2" : "/.mounts/labs/TGL/production2/seqware-results/CASAVA_2.9.1/76527020/SWID_11817463_TGL17_0004_Lv_M_PE_325_WT_180413_180413_NB551051_0058_AHLK2LBGX5_CAGATC_L001_R2_001.fastq.gz",
      "java_home" : "/.mounts/labs/PDE/Modules/sw/jvm/jdk1.8.0_91",
      "manual_output" : "false",
      "metadata" : "metadata",
      "mixcr" : "/.mounts/labs/PDE/Modules/sw/MiXCR/mixcr-2.1.10/mixcr",
      "mixcr_mem" : "24",
      "output_dir" : "seqware-results",
      "tmp_dir" : "tmp"
    },
    "files" : [ {
      "studyTitle" : [ "TGL17" ],
      "studyAttributes" : { },
      "experimentName" : [ ],
      "experimentAttributes" : { },
      "sampleName" : [ "TGL17_0004_Lv_M_PE_325_WT" ],
      "sampleAttributes" : {
        "geo_external_name" : [ [ "CMP-01-05" ] ],
        "geo_group_id" : [ [ "180413" ] ],
        "geo_library_source_template_type" : [ [ "WT" ] ],
        "geo_organism" : [ [ "Homo sapiens" ] ],
        "geo_prep_kit" : [ [ "TruSeq_Stranded_TotalRNA" ] ],
        "geo_purpose" : [ [ "Library" ] ],
        "geo_receive_date" : [ [ "2018-03-23" ] ],
        "geo_run_id_and_position" : [ [ "3080_1" ] ],
        "geo_str_result" : [ [ "Not Submitted" ] ],
        "geo_template_type" : [ [ "Illumina PE Library" ] ],
        "geo_tissue_origin" : [ [ "Lv" ] ],
        "geo_tissue_preparation" : [ [ "Fresh Frozen" ] ],
        "geo_tissue_type" : [ [ "M" ] ]
      },
      "sequencerRunName" : [ "180413_NB551051_0058_AHLK2LBGX5" ],
      "sequencerRunAttributes" : {
        "instrument_name" : [ [ "NB551051" ] ]
      },
      "laneName" : [ "180413_NB551051_0058_AHLK2LBGX5_lane_1" ],
      "laneAttributes" : { },
      "iusTag" : [ "CAGATC" ],
      "iusAttributes" : { },
      "workflowName" : [ "CASAVA" ],
      "processingAlgorithm" : [ "ProvisionFiles" ],
      "processingAttributes" : { },
      "fileMetaType" : [ "chemical/seq-na-fastq-gzip" ],
      "fileAttributes" : { },
      "fileId" : -170158198
    }, {
      "studyTitle" : [ "TGL17" ],
      "studyAttributes" : { },
      "experimentName" : [ ],
      "experimentAttributes" : { },
      "sampleName" : [ "TGL17_0004_Lv_M_PE_325_WT" ],
      "sampleAttributes" : {
        "geo_external_name" : [ [ "CMP-01-05" ] ],
        "geo_group_id" : [ [ "180413" ] ],
        "geo_library_source_template_type" : [ [ "WT" ] ],
        "geo_organism" : [ [ "Homo sapiens" ] ],
        "geo_prep_kit" : [ [ "TruSeq_Stranded_TotalRNA" ] ],
        "geo_purpose" : [ [ "Library" ] ],
        "geo_receive_date" : [ [ "2018-03-23" ] ],
        "geo_run_id_and_position" : [ [ "3080_1" ] ],
        "geo_str_result" : [ [ "Not Submitted" ] ],
        "geo_template_type" : [ [ "Illumina PE Library" ] ],
        "geo_tissue_origin" : [ [ "Lv" ] ],
        "geo_tissue_preparation" : [ [ "Fresh Frozen" ] ],
        "geo_tissue_type" : [ [ "M" ] ]
      },
      "sequencerRunName" : [ "180413_NB551051_0058_AHLK2LBGX5" ],
      "sequencerRunAttributes" : {
        "instrument_name" : [ [ "NB551051" ] ]
      },
      "laneName" : [ "180413_NB551051_0058_AHLK2LBGX5_lane_1" ],
      "laneAttributes" : { },
      "iusTag" : [ "CAGATC" ],
      "iusAttributes" : { },
      "workflowName" : [ "CASAVA" ],
      "processingAlgorithm" : [ "ProvisionFiles" ],
      "processingAttributes" : { },
      "fileMetaType" : [ "chemical/seq-na-fastq-gzip" ],
      "fileAttributes" : { },
      "fileId" : 335400427
    } ]
  } ]
}